cam1 extrinsics = -0.014,-0.712,0.702,0.008 | -0.056,-0.050,-0.060
[34m[TIME]: 0.0456 seconds total (21.9 hz, 0.28 ms behind)
[0mq_GtoI = -0.016,0.064,0.707,0.704 | p_IinG = 0.065,0.884,-0.061 | dist = 146.58 (meters)
bg = -0.0001,0.0002,0.0004 | ba = -0.0174,0.0042,-0.0332
camera-imu timeoffset = 0.00002
cam0 intrinsics = 192.404,192.509,255.393,256.763 | 0.003,-0.004,0.001,-0.000
cam1 intrinsics = 191.819,191.864,253.085,254.615 | 0.002,-0.001,-0.001,0.000
cam0 extrinsics = -0.014,-0.695,0.719,0.008 | 0.046,-0.051,-0.055
cam1 extrinsics = -0.014,-0.712,0.702,0.008 | -0.056,-0.050,-0.060
[34m[TIME]: 0.0846 seconds total (11.8 hz, 0.30 ms behind)
[0mq_GtoI = -0.013,0.063,0.707,0.704 | p_IinG = 0.065,0.884,-0.061 | dist = 146.58 (meters)
bg = -0.0001,0.0002,0.0004 | ba = -0.0177,0.0043,-0.0330
camera-imu timeoffset = 0.00002
cam0 intrinsics = 192.404,192.510,255.393,256.763 | 0.003,-0.004,0.001,-0.000
cam1 intrinsics = 191.819,191.863,253.085,254.616 | 0.002,-0.001,-0.001,0.000
cam0 extrinsics = -0.014,-0.695,0.719,0.008 | 0.046,-0.051,-0.055
cam1 extrinsics = -0.014,-0.712,0.702,0.008 | -0.056,-0.050,-0.060
[34m[TIME]: 0.1496 seconds total (6.7 hz, 0.32 ms behind)
[0m[95mcamera-imu timeoffset = 0.00002

[0m[95mcam0 intrinsics:
[0m[95m192.404,192.510,255.393,256.763
[0m[95m0.00276,-0.00438,0.00130,-0.00037

[0m[95mcam1 intrinsics:
[0m[95m191.819,191.863,253.085,254.616
[0m[95m0.00167,-0.00087,-0.00127,0.00024

[0m[95mT_C0toI:
[0m[95m-0.999,0.008,-0.031,0.044,
[0m[95m0.031,-0.034,-0.999,-0.058,
[0m[95m-0.009,-0.999,0.034,-0.048,
[0m[95m0.000,0.000,0.000,1.000

[0m[95mT_C1toI:
[0m[95m-0.999,0.008,-0.032,-0.057,
[0m[95m0.032,0.013,-0.999,-0.057,
[0m[95m-0.008terminate called after throwing an instance of 'class_loader::LibraryUnloadException'
  what():  Attempt to unload library that class_loader is unaware of: /opt/ros/noetic/lib//libcompressed_depth_image_transport.so
BENCH_STATS wall_s=154.8 cpu_s=257.1 cpu_percent=166 maxrss_mb=97.7
