computerError2       (2817):    0.14+-0.10 [0.01, 1.84]
iteration            (2817):    1.90+-0.89 [0.19, 5.92]
resident_memory      (2817): 687752610.40+-312728233.20 [224239616.00, 1111457792.00]
resident_memory_peak (2817): 675537454.35+-307493568.25 [214695936.00, 1084686336.00]
optimize             (2817):    2.09+-0.96 [0.23, 6.26]
num_it               (2817):     5.1+-2.3 [2, 8]
num_it_rejected      (2817):     1.9+-2.4 [0, 8]
marg_linearize       (2817):    0.09+-0.05 [0.01, 0.95]
marg_helper          (2817):    0.17+-0.05 [0.06, 0.61]
marg                 (2817):    0.34+-0.12 [0.11, 1.77]
marginalize          (2817):    0.35+-0.12 [0.11, 1.79]
Saved ExecutionStats to stats_all.ubjson.
Saved ExecutionStats to stats_sums.ubjson.
Total runtime: 14.412s
Saved ExecutionStats to stats_vio.ubjson.
Saving trajectory...
Saved trajectory in TUM RGB-D Dataset format in trajectory.txt
	Command being timed: "basalt_vio --dataset-path /data/input.bag --dataset-type bag --cam-calib /src/basalt/data/tumvi_512_ds_calib.json --config-path /src/basalt/data/tumvi_512_config.json --show-gui 0 --step-by-step 0 --save-trajectory tum"
	User time (seconds): 164.36
	System time (seconds): 27.52
	Percent of CPU this job got: 1183%
	Elapsed (wall clock) time (h:mm:ss or m:ss): 0:16.20
	Average shared text size (kbytes): 0
	Average unshared data size (kbytes): 0
	Average stack size (kbytes): 0
	Average total size (kbytes): 0
	Maximum resident set size (kbytes): 132408
	Average resident set size (kbytes): 0
	Major (requiring I/O) page faults: 0
	Minor (reclaiming a frame) page faults: 62792
	Voluntary context switches: 671010
	Involuntary context switches: 3412578
	Swaps: 0
	File system inputs: 2834832
	File system outputs: 4696
	Socket messages sent: 0
	Socket messages received: 0
	Signals delivered: 0
	Page size (bytes): 4096
	Exit status: 0
